// Jest Snapshot v1, https://goo.gl/fbAQLP

exports[`Admin renders a snapshot properly 1`] = `
<div
  className="container"
>
  <br />
  <h1>
    All Users
  </h1>
  <hr />
  <div
    className="row"
  >
    <form
      className="col-md-4"
      onSubmit={[Function]}
    >
      <div
        className="form-group"
      >
        <input
          className="form-control"
          id="formEmail"
          onChange={[Function]}
          placeholder="Enter an email address"
          required={true}
          type="email"
          value=""
        />
      </div>
      <button
        className="btn btn-success btn-block"
        type="submit"
      >
        Submit
      </button>
    </form>
  </div>
  <hr />
  <div
    className="row"
  >
    <div
      className="column"
    >
      <div
        className="list-group list-group-flush"
      />
    </div>
  </div>
</div>
`;
