// Jest Snapshot v1, https://goo.gl/fbAQLP

exports[`<Admin /> should match the snapshot 1`] = `"<div class=\\"container\\"><br/><h1>All Users</h1><hr/><div class=\\"row\\"><form class=\\"col-md-4\\"><div class=\\"form-group\\"><input type=\\"email\\" class=\\"form-control\\" placeholder=\\"Enter an email address\\" id=\\"formEmail\\" value=\\"\\" required=\\"\\"/></div><button type=\\"submit\\" class=\\"btn btn-success btn-block\\">Submit</button></form></div><hr/><div class=\\"row\\"><div class=\\"col\\"><div class=\\"row list-group list-group-flush\\"></div></div></div></div>"`;
