// Jest Snapshot v1, https://goo.gl/fbAQLP

exports[`Log In <Form /> should match the snapshot 1`] = `"<div class=\\"container\\"><br/><h1>Log In</h1><hr/><div class=\\"row\\"><form class=\\"col-md-4\\"><div class=\\"form-group\\"><input type=\\"email\\" name=\\"email\\" class=\\"form-control\\" placeholder=\\"Enter an email address\\" id=\\"formEmail\\" value=\\"\\" required=\\"\\" minLength=\\"6\\"/></div><div class=\\"form-group\\"><input type=\\"password\\" name=\\"passowrd\\" class=\\"form-control\\" placeholder=\\"Enter a password\\" id=\\"formPassword\\" value=\\"\\" required=\\"\\" minLength=\\"4\\"/></div><button type=\\"submit\\" class=\\"btn btn-success btn-block\\">Submit</button></form></div></div>"`;

exports[`Register <Form /> should match the snapshot 1`] = `"<div class=\\"container\\"><br/><h1>Register</h1><hr/><div class=\\"row\\"><form class=\\"col-md-4\\"><div class=\\"form-group\\"><input type=\\"email\\" name=\\"email\\" class=\\"form-control\\" placeholder=\\"Enter an email address\\" id=\\"formEmail\\" value=\\"\\" required=\\"\\" minLength=\\"6\\"/></div><div class=\\"form-group\\"><input type=\\"password\\" name=\\"passowrd\\" class=\\"form-control\\" placeholder=\\"Enter a password\\" id=\\"formPassword\\" value=\\"\\" required=\\"\\" minLength=\\"4\\"/></div><button type=\\"submit\\" class=\\"btn btn-success btn-block\\">Submit</button></form></div></div>"`;
