// Jest Snapshot v1, https://goo.gl/fbAQLP

exports[`<NavBar /> should match the snapshot 1`] = `"<nav class=\\"navbar navbar-expand-lg navbar-dark bg-dark\\"><div class=\\"container\\"><span class=\\"navbar-brand\\">Test</span><button aria-controls=\\"responsive-navbar-nav\\" type=\\"button\\" aria-label=\\"Toggle navigation\\" class=\\"navbar-toggler collapsed\\"><span class=\\"navbar-toggler-icon\\"></span></button><div class=\\"navbar-collapse collapse\\"><div class=\\"mr-auto navbar-nav\\"><a data-rb-event-key=\\"/\\" class=\\"nav-link\\" href=\\"/\\">Home</a><a data-rb-event-key=\\"/about\\" class=\\"nav-link\\" href=\\"/about\\">About</a></div><div class=\\"navbar-nav\\"><a class=\\"nav-link\\" data-rb-event-key=\\"/register\\" href=\\"/register\\">Register</a><a class=\\"nav-link\\" data-rb-event-key=\\"/login\\" href=\\"/login\\">Log In</a></div></div></div></nav>"`;
