// Jest Snapshot v1, https://goo.gl/fbAQLP

exports[`<UsersList /> should match the snapshot 1`] = `"<div class=\\"container\\"><br/><h1>All Users</h1><hr/><div class=\\"table-responsive\\"><table class=\\"table\\"><thead><tr><th>ID</th><th>Email</th><th>Active</th><th>Admin</th></tr></thead><tbody></tbody></table></div></div>"`;
