// Jest Snapshot v1, https://goo.gl/fbAQLP

exports[`<UserStatus /> should match the snapshot 1`] = `"<div class=\\"container\\"><br/><h1>User Status</h1><hr/><div class=\\"row\\"><div class=\\"list-group\\"><div class=\\"list-group-item user-status-list-item\\"><strong>User ID: </strong></div><div class=\\"list-group-item user-status-list-item\\"><strong>Email: </strong></div></div></div></div>"`;
